// Vitest Snapshot v1, https://vitest.dev/guide/snapshot.html

exports[`Featured Plushies Component > renders featured plushies component 1`] = `
<div>
  <section
    class="_featured-plush-container_4adad7"
  >
    <div
      class="_container_59ef55 _align-container_4adad7"
    >
      <h1
        class="_header_59ef55"
      >
        Featured Plushies
      </h1>
      <div
        class="_plush-container_4adad7"
      >
        <div
          class="_card_fa9861"
        >
          <img
            alt="primary-image"
            src="/src/assets/product-assets/little_buddy_kirby_front.jpg"
          />
          <h2
            class="_product-name_fa9861"
          >
            Kirby
          </h2>
          <p
            class="_price_fa9861"
          >
            $19.99
          </p>
        </div>
        <div
          class="_card_fa9861"
        >
          <img
            alt="primary-image"
            src="/src/assets/product-assets/little_buddy_kirby_front.jpg"
          />
          <h2
            class="_product-name_fa9861"
          >
            Kirby
          </h2>
          <p
            class="_price_fa9861"
          >
            $19.99
          </p>
        </div>
        <div
          class="_card_fa9861"
        >
          <img
            alt="primary-image"
            src="/src/assets/product-assets/little_buddy_kirby_front.jpg"
          />
          <h2
            class="_product-name_fa9861"
          >
            Kirby
          </h2>
          <p
            class="_price_fa9861"
          >
            $19.99
          </p>
        </div>
      </div>
      <button
        class="_shop-plushies-btn_4adad7"
      >
        Shop All Plushies
      </button>
    </div>
  </section>
</div>
`;
